======== Field photos cropped/_63I2790.JPG
Keywords                        : 2014, Age-Vor-06567, Aldursgreiningar, Fjallrjúpa, flýgur, juv, karlfugl, Kyngreiningar, Lagopus muta, Norðausturland, Norðausturland 2014, Rjúpa, Rjúpur
======== Field photos cropped/_63I3679.JPG
Keywords                        : 2014, Age-Vor-06604, Aldursgreiningar, Fjallrjúpa, flýgur, juv, karlfugl, Kyngreiningar, Lagopus muta, Norðausturland, Norðausturland 2014, Rjúpa, Rjúpur
======== Field photos cropped/_63I6230.JPG
Keywords                        : 2014, Aldursgreiningar, Fjallrjúpa, flýgur, kvenfugl, Kyngreiningar, Lagopus muta, Rjúpur, Suðvesturland
======== Field photos cropped/_63I1181.JPG
Keywords                        : 2014, Age-Vor-06501, Aldursgreiningar, Fjallrjúpa, flýgur, juv, kvenfugl, Kyngreiningar, Lagopus muta, Norðausturland, Norðausturland 2014, Rjúpa, Rjúpur
======== Field photos cropped/_63I6687.JPG
Keywords                        : 2014, Age-Vor-06327, Aldursgreiningar, Fjallrjúpa, flýgur, juv, kvenfugl, Kyngreiningar, Lagopus muta, Rjúpur, Suðvesturland
======== Field photos cropped/_63I2416.JPG
Keywords                        : 2014, Age-Vor-06554, Aldursgreiningar, Fjallrjúpa, flýgur, juv, karlfugl, Kyngreiningar, Lagopus muta, Norðausturland, Norðausturland 2014, Rjúpa, Rjúpur
======== Field photos cropped/_63I3714.JPG
Keywords                        : 2014, Age-Vor-06214, Aldursgreiningar, Fjallrjúpa, flýgur, juv, kvenfugl, Kyngreiningar, Lagopus muta, Rjúpur, Suðvesturland
======== Field photos cropped/_63I5930.JPG
Keywords                        : 2014, ad, Age-Vor-06296, Aldursgreiningar, Fjallrjúpa, flýgur, kvenfugl, Kyngreiningar, Lagopus muta, Rjúpur, Suðvesturland
======== Field photos cropped/_63I8461.JPG
Keywords                        : 2014, ad, Age-Vor-06392, Aldursgreining, flýgur, karlfugl, Kyngreining, Lagopus muta, Norðausturland, Rjúpa, Rjúpur
======== Field photos cropped/_63I3010.JPG
Keywords                        : 2014, Age-Vor-06576, Aldursgreiningar, Fjallrjúpa, juv, karlfugl, Kyngreiningar, Lagopus muta, Norðausturland, Norðausturland 2014, Rjúpa, Rjúpur, situr
======== Field photos cropped/_63I9696.JPG
Keywords                        : 2014, Age-Vor-06433, Aldursgreining, flýgur, juv, karlfugl, Kyngreining, Lagopus muta, Norðausturland, Rjúpa, Rjúpur
======== Field photos cropped/20090430-11.32-19.jpg
Keywords                        : 2009, ad, Aldursgreining, flýgur, karlfugl, Kyngreining, Lagopus muta, M, Rjúpur, Suðvesturland
======== Field photos cropped/20090501-09.46-59.jpg
Keywords                        : 2009, Aldursgreining, flýgur, juv, karlfugl, Kyngreining, Lagopus muta, Rjúpur, Suðvesturland
======== Field photos cropped/_63I0271.JPG
Keywords                        : 2014, Age-Vor-06455, Aldursgreiningar, Fjallrjúpa, flýgur, juv, karlfugl, Kyngreiningar, Lagopus muta, Norðausturland, Norðausturland 2014, Rjúpa, Rjúpur
======== Field photos cropped/_63I8063.JPG
Keywords                        : 2014, Age-Vor-06368, Age-Vor-06369, Aldursgreiningar, Fjallrjúpa, flýgur, juv, karlfugl, kvenfugl, Kyngreiningar, Lagopus muta, Rjúpur, Suðvesturland
======== Field photos cropped/_63I1263.JPG
Keywords                        : 2014, Age-Vor-06505, Age-Vor-06506, Aldursgreiningar, Fjallrjúpa, flýgur, juv, karlfugl, kvenfugl, Kyngreiningar, Lagopus muta, Norðausturland, Norðausturland 2014, Rjúpa, Rjúpur
======== Field photos cropped/_63I3181.JPG
Keywords                        : 2014, Age-Vor-06582, Aldursgreiningar, Fjallrjúpa, juv, kvenfugl, Kyngreiningar, Lagopus muta, Norðausturland, Norðausturland 2014, Rjúpa, Rjúpur
======== Field photos cropped/_63I5767.JPG
Keywords                        : 2014, ad, Age-Vor-06293, Aldursgreiningar, Fjallrjúpa, flýgur, karlfugl, Kyngreiningar, Lagopus muta, Rjúpur, Suðvesturland
======== Field photos cropped/_63I8893.JPG
Keywords                        : 2014, Age-Vor-06410, Aldursgreining, flýgur, juv, karlfugl, Kyngreining, Lagopus muta, Norðausturland, Rjúpa, Rjúpur
======== Field photos cropped/_63I3420.JPG
Keywords                        : 2014, Age-Vor-06206, Aldursgreiningar, Fjallrjúpa, flýgur, juv, kvenfugl, Kyngreiningar, Lagopus muta, Rjúpur, Suðvesturland
======== Field photos cropped/_63I9732.JPG
Keywords                        : 2014, Age-Vor-06434, Age-Vor-06435, Aldursgreining, juv, karlfugl, kvenfugl, Kyngreining, Lagopus muta, Norðausturland, Rjúpa, Rjúpur, situr
======== Field photos cropped/_63I3793.JPG
Keywords                        : 2014, ad, Age-Vor-06218, Aldursgreiningar, Fjallrjúpa, flýgur, karlfugl, Kyngreiningar, Lagopus muta, Rjúpur, Suðvesturland
======== Field photos cropped/_63I4616.JPG
Keywords                        : 2014, Age-Vor-06250, Aldursgreiningar, Fjallrjúpa, flýgur, juv, karlfugl, Kyngreiningar, Lagopus muta, Rjúpur, Suðvesturland
======== Field photos cropped/_63I7993.JPG
Keywords                        : 2014, Age-Vor-06365, Aldursgreiningar, Fjallrjúpa, flýgur, juv, karlfugl, Kyngreiningar, Lagopus muta, Rjúpur, Suðvesturland
======== Field photos cropped/_63I3358.JPG
Keywords                        : 2014, Age-Vor-06203, Aldursgreiningar, Fjallrjúpa, flýgur, juv, karlfugl, Kyngreiningar, Lagopus muta, Rjúpur, Suðvesturland
======== Field photos cropped/_63I0848.JPG
Keywords                        : 2014, ad, Age-Vor-06486, Aldursgreiningar, Fjallrjúpa, flýgur, karlfugl, Kyngreiningar, Lagopus muta, Norðausturland, Norðausturland 2014, Rjúpa, Rjúpur
======== Field photos cropped/_63I0446.JPG
Keywords                        : 2014, ad, Age-Vor-06463, Aldursgreiningar, Fjallrjúpa, flýgur, karlfugl, Kyngreiningar, Lagopus muta, Norðausturland, Norðausturland 2014, Rjúpa, Rjúpur
======== Field photos cropped/_63I3582.JPG
Keywords                        : 2014, ad, Age-Vor-06210, Aldursgreiningar, Fjallrjúpa, flýgur, karlfugl, Kyngreiningar, Lagopus muta, Rjúpur, Suðvesturland
======== Field photos cropped/20090430-11.59-21.jpg
Keywords                        : 2009, ad, Aldursgreining, flýgur, kvenfugl, Kyngreining, Lagopus muta, Rjúpur, Suðvesturland
======== Field photos cropped/_63I5296.JPG
Keywords                        : 2014, ad, Age-Vor-06278, Age-Vor-06279, Aldursgreiningar, Fjallrjúpa, flýgur, juv, kvenfugl, Kyngreiningar, Lagopus muta, Rjúpur, Suðvesturland
======== Field photos cropped/_63I6352.JPG
Keywords                        : 2014, ad, Age-Vor-06314, Aldursgreiningar, Fjallrjúpa, flýgur, karlfugl, Kyngreiningar, Lagopus muta, Rjúpur, Suðvesturland
======== Field photos cropped/_63I2997.JPG
Keywords                        : 2014, ad, Age-Vor-06193, Age-Vor-06194, Aldursgreiningar, Fjallrjúpa, flýgur, kvenfugl, Kyngreiningar, Lagopus muta, Rjúpur, Suðvesturland
======== Field photos cropped/_63I0890.JPG
Keywords                        : 2014, Aldursgreiningar, Fjallrjúpa, flýgur, kvenfugl, Kyngreiningar, Lagopus muta, Norðausturland, Norðausturland 2014, Rjúpa, Rjúpur
======== Field photos cropped/_63I7443.JPG
Keywords                        : 2014, Age-Vor-06351, Aldursgreiningar, Fjallrjúpa, flýgur, juv, karlfugl, Kyngreiningar, Lagopus muta, Rjúpur, Suðvesturland
======== Field photos cropped/_63I6811.JPG
Keywords                        : 2014, ad, Age-Vor-06330, Aldursgreiningar, Fjallrjúpa, flýgur, kvenfugl, Kyngreiningar, Lagopus muta, Rjúpur, Suðvesturland
======== Field photos cropped/_63I9674.JPG
Keywords                        : 2014, Age-Vor-06433, Aldursgreining, flýgur, juv, karlfugl, Kyngreining, Lagopus muta, Norðausturland, Rjúpa, Rjúpur
======== Field photos cropped/_63I5090.JPG
Keywords                        : 2014, ad, Age-Vor-06271, Aldursgreiningar, Fjallrjúpa, flýgur, karlfugl, Kyngreiningar, Lagopus muta, Rjúpur, Suðvesturland
======== Field photos cropped/_63I3837.JPG
Keywords                        : 2014, Aldursgreiningar, Fjallrjúpa, Kyngreiningar, Lagopus muta, Norðausturland, Norðausturland 2014, Rjúpa, Rjúpur
======== Field photos cropped/_63I8838.JPG
Keywords                        : 2014, Age-Vor-06406, Aldursgreining, flýgur, juv, karlfugl, Kyngreining, Lagopus muta, Norðausturland, Rjúpa, Rjúpur
======== Field photos cropped/_63I6832.JPG
Keywords                        : 2014, ad, Age-Vor-06331, Aldursgreiningar, Fjallrjúpa, flýgur, kvenfugl, Kyngreiningar, Lagopus muta, Rjúpur, Suðvesturland
======== Field photos cropped/_63I4547.JPG
Keywords                        : 2014, Age-Vor-06249, Aldursgreiningar, Fjallrjúpa, flýgur, juv, karlfugl, Kyngreiningar, Lagopus muta, Rjúpur, Suðvesturland
======== Field photos cropped/_63I4657.JPG
Keywords                        : 2014, ad, Age-Vor-06252, Aldursgreiningar, Fjallrjúpa, flýgur, kvenfugl, Kyngreiningar, Lagopus muta, Rjúpur, Suðvesturland
======== Field photos cropped/_63I9996.JPG
Keywords                        : 2014, ad, Age-Vor-06443, Aldursgreining, flýgur, karlfugl, Kyngreining, Lagopus muta, Norðausturland, Rjúpa, Rjúpur
======== Field photos cropped/_63I6260.JPG
Keywords                        : 2014, ad, Age-Vor-06310, Aldursgreiningar, Fjallrjúpa, flýgur, karlfugl, Kyngreiningar, Lagopus muta, Rjúpur, Suðvesturland
======== Field photos cropped/_63I0279.JPG
Keywords                        : 2014, Aldursgreiningar, Fjallrjúpa, kvenfugl, Kyngreiningar, Lagopus muta, Norðausturland, Norðausturland 2014, Rjúpa, Rjúpur, situr
======== Field photos cropped/_63I0321.JPG
Keywords                        : 2014, ad, Age-Vor-06452, Age-Vor-06453, Aldursgreiningar, Fjallrjúpa, flýgur, karlfugl, kvenfugl, Kyngreiningar, Lagopus muta, Norðausturland, Norðausturland 2014, Rjúpa, Rjúpur
======== Field photos cropped/_63I2752.JPG
Keywords                        : 2014, Age-Vor-06566, Aldursgreiningar, Fjallrjúpa, flýgur, juv, kvenfugl, Kyngreiningar, Lagopus muta, Norðausturland, Norðausturland 2014, Rjúpa, Rjúpur
======== Field photos cropped/_63I9978.JPG
Keywords                        : 2014, Age-Vor-06444, Aldursgreining, juv, kvenfugl, Kyngreining, Lagopus muta, Norðausturland, Rjúpa, Rjúpur, situr
======== Field photos cropped/_63I0683.JPG
Keywords                        : 2014, ad, Age-Vor-06475, Aldursgreining, Aldursgreiningar, Fjallrjúpa, flýgur, karlfugl, Kyngreining, Kyngreiningar, Lagopus muta, Norðausturland, Norðausturland 2014, Rjúpa, Rjúpur
======== Field photos cropped/_63I0813.JPG
Keywords                        : 2014, Age-Vor-06483, Aldursgreiningar, Fjallrjúpa, flýgur, juv, kvenfugl, Kyngreiningar, Lagopus muta, Norðausturland, Norðausturland 2014, Rjúpa, Rjúpur
======== Field photos cropped/_63I5215.JPG
Keywords                        : 2014, ad, Age-Vor-06279, Aldursgreiningar, Fjallrjúpa, kvenfugl, Kyngreiningar, Lagopus muta, Rjúpur, situr, Suðvesturland
======== Field photos cropped/_63I1525.JPG
Keywords                        : 2014, Age-Vor-06519, Aldursgreiningar, Fjallrjúpa, flýgur, juv, kvenfugl, Kyngreiningar, Lagopus muta, Norðausturland, Norðausturland 2014, Rjúpa, Rjúpur
======== Field photos cropped/_63I3385.JPG
Keywords                        : 2014, Age-Vor-06592, Aldursgreiningar, Fjallrjúpa, flýgur, juv, kvenfugl, Kyngreiningar, Lagopus muta, Norðausturland, Norðausturland 2014, Rjúpa, Rjúpur
======== Field photos cropped/_63I8516.JPG
Keywords                        : 2014, ad, Age-Vor-06393, Aldursgreining, flýgur, kvenfugl, Kyngreining, Lagopus muta, Norðausturland, Rjúpa, Rjúpur
======== Field photos cropped/_63I8498.JPG
Keywords                        : 2014, Age-Vor-06394, Aldursgreining, flýgur, juv, karlfugl, Kyngreining, Lagopus muta, Norðausturland, Rjúpa, Rjúpur
======== Field photos cropped/20090430-09.38-04.jpg
Keywords                        : 2009, Aldursgreining, flýgur, juv, karlfugl, Kyngreining, Lagopus muta, M, Rjúpur, Suðvesturland
======== Field photos cropped/_63I2678.JPG
Keywords                        : 2014, Age-Vor-06563, Aldursgreiningar, Fjallrjúpa, flýgur, juv, karlfugl, Kyngreiningar, Lagopus muta, Norðausturland, Norðausturland 2014, Rjúpa, Rjúpur
======== Field photos cropped/_63I2390.JPG
Keywords                        : 2014, Age-Vor-06552, Aldursgreiningar, Fjallrjúpa, flýgur, juv, karlfugl, Kyngreiningar, Lagopus muta, Norðausturland, Norðausturland 2014, Rjúpa, Rjúpur
======== Field photos cropped/_63I4628.JPG
Keywords                        : 2014, Age-Vor-06250, Aldursgreiningar, Fjallrjúpa, flýgur, juv, karlfugl, Kyngreiningar, Lagopus muta, Rjúpur, Suðvesturland
======== Field photos cropped/_63I1261.JPG
Keywords                        : 2014, Age-Vor-06505, Aldursgreiningar, Fjallrjúpa, flýgur, juv, karlfugl, Kyngreiningar, Lagopus muta, Norðausturland, Norðausturland 2014, Rjúpa, Rjúpur
======== Field photos cropped/_63I3078.JPG
Keywords                        : 2014, ad, Age-Vor-06578, Aldursgreiningar, Fjallrjúpa, karlfugl, Kyngreiningar, Lagopus muta, Norðausturland, Norðausturland 2014, Rjúpa, Rjúpur, situr
======== Field photos cropped/_63I5951.JPG
Keywords                        : 2014, Age-Vor-06297, Aldursgreiningar, Fjallrjúpa, flýgur, juv, karlfugl, Kyngreiningar, Lagopus muta, Rjúpur, Suðvesturland
======== Field photos cropped/20090430-10.39-14.jpg
Keywords                        : 2009, Aldursgreining, flýgur, juv, karlfugl, Kyngreining, Lagopus muta, M, Rjúpur, Suðvesturland
======== Field photos cropped/_63I2937.JPG
Keywords                        : 2014, Age-Vor-06572, Aldursgreiningar, Fjallrjúpa, flýgur, juv, kvenfugl, Kyngreiningar, Lagopus muta, Norðausturland, Norðausturland 2014, Rjúpa, Rjúpur
======== Field photos cropped/_63I5238.JPG
Keywords                        : 2014, Age-Vor-06278, Aldursgreiningar, Fjallrjúpa, flýgur, juv, kvenfugl, Kyngreiningar, Lagopus muta, Rjúpur, Suðvesturland
======== Field photos cropped/_63I8591.JPG
Keywords                        : 2014, ad, Age-Vor-06396, Aldursgreining, flýgur, karlfugl, Kyngreining, Lagopus muta, Norðausturland, Rjúpa, Rjúpur
======== Field photos cropped/_63I3981.JPG
Keywords                        : 2014, Age-Vor-06225, Aldursgreiningar, Fjallrjúpa, flýgur, juv, karlfugl, Kyngreiningar, Lagopus muta, Rjúpur, Suðvesturland
======== Field photos cropped/_63I0720.JPG
Keywords                        : 2014, ad, Age-Vor-06477, Aldursgreining, Aldursgreiningar, Fjallrjúpa, flýgur, karlfugl, Kyngreining, Kyngreiningar, Lagopus muta, Norðausturland, Norðausturland 2014, Rjúpa, Rjúpur
======== Field photos cropped/_63I9141.JPG
Keywords                        : 2014, ad, Age-Vor-06419, Aldursgreining, flýgur, karlfugl, Kyngreining, Lagopus muta, Norðausturland, Rjúpa, Rjúpur
======== Field photos cropped/_63I8991.JPG
Keywords                        : 2014, ad, Age-Vor-06412, Aldursgreining, flýgur, karlfugl, Kyngreining, Lagopus muta, Norðausturland, Rjúpa, Rjúpur
======== Field photos cropped/_63I3195.JPG
Keywords                        : 2014, Age-Vor-06581, Aldursgreiningar, Fjallrjúpa, flýgur, juv, karlfugl, Kyngreiningar, Lagopus muta, Norðausturland, Norðausturland 2014, Rjúpa, Rjúpur
======== Field photos cropped/_63I5657.JPG
Keywords                        : 2014, ad, Age-Vor-06291, Aldursgreiningar, Fjallrjúpa, flýgur, kvenfugl, Kyngreiningar, Lagopus muta, Rjúpur, Suðvesturland
======== Field photos cropped/_63I5236.JPG
Keywords                        : 2014, Age-Vor-06278, Aldursgreiningar, Fjallrjúpa, flýgur, juv, kvenfugl, Kyngreiningar, Lagopus muta, Rjúpur, Suðvesturland
======== Field photos cropped/_63I1239.JPG
Keywords                        : 2014, ad, Age-Vor-06502, Age-Vor-06503, Aldursgreiningar, Fjallrjúpa, juv, kvenfugl, Kyngreiningar, Lagopus muta, Norðausturland, Norðausturland 2014, Rjúpa, Rjúpur, situr
======== Field photos cropped/_63I3176.JPG
Keywords                        : 2014, ad, Age-Vor-06197, Aldursgreiningar, Fjallrjúpa, flýgur, karlfugl, Kyngreiningar, Lagopus muta, Rjúpur, Suðvesturland
======== Field photos cropped/_63I6626.JPG
Keywords                        : 2014, ad, Age-Vor-06325, Aldursgreiningar, Fjallrjúpa, flýgur, karlfugl, Kyngreiningar, Lagopus muta, Rjúpur, Suðvesturland
======== Field photos cropped/_63I5975.JPG
Keywords                        : 2014, ad, Age-Vor-06299, Aldursgreiningar, Fjallrjúpa, flýgur, kvenfugl, Kyngreiningar, Lagopus muta, Rjúpur, Suðvesturland
======== Field photos cropped/_63I4776.JPG
Keywords                        : 2014, Age-Vor-06259, Aldursgreiningar, Fjallrjúpa, juv, karlfugl, Kyngreiningar, Lagopus muta, Rjúpur, situr, Suðvesturland
======== Field photos cropped/_63I4937.JPG
Keywords                        : 2014, ad, Age-Vor-06263, Age-Vor-06264, Age-Vor-06265, Aldursgreiningar, Fjallrjúpa, flýgur, karlfugl, Kyngreiningar, Lagopus muta, Rjúpur, Suðvesturland
======== Field photos cropped/_63I4655.JPG
Keywords                        : 2014, ad, Age-Vor-06252, Aldursgreiningar, Fjallrjúpa, flýgur, kvenfugl, Kyngreiningar, Lagopus muta, Rjúpur, Suðvesturland
======== Field photos cropped/_63I7740.JPG
Keywords                        : 2014, ad, Age-Vor-06358, Aldursgreiningar, Fjallrjúpa, flýgur, karlfugl, Kyngreiningar, Lagopus muta, Rjúpur, Suðvesturland
======== Field photos cropped/_63I4466.JPG
Keywords                        : 2014, Age-Vor-06247, Aldursgreiningar, Fjallrjúpa, flýgur, juv, karlfugl, Kyngreiningar, Lagopus muta, Rjúpur, situr, Suðvesturland
======== Field photos cropped/_63I5069.JPG
Keywords                        : 2014, ad, Age-Vor-06270, Aldursgreiningar, Fjallrjúpa, flýgur, karlfugl, Kyngreiningar, Lagopus muta, Rjúpur, Suðvesturland
======== Field photos cropped/_63I3030.JPG
Keywords                        : 2014, Age-Vor-06576, Aldursgreiningar, Fjallrjúpa, flýgur, juv, karlfugl, Kyngreiningar, Lagopus muta, Norðausturland, Norðausturland 2014, Rjúpa, Rjúpur
======== Field photos cropped/_63I7361.JPG
Keywords                        : 2014, ad, Age-Vor-06348, Aldursgreiningar, Fjallrjúpa, flýgur, kvenfugl, Kyngreiningar, Lagopus muta, Rjúpur, Suðvesturland
======== Field photos cropped/_63I0761.JPG
Keywords                        : 2014, Age-Vor-06479, Aldursgreiningar, Fjallrjúpa, flýgur, juv, kvenfugl, Kyngreiningar, Lagopus muta, Norðausturland, Norðausturland 2014, Rjúpa, Rjúpur
======== Field photos cropped/20090502-15.46-117.jpg
Keywords                        : 2009, Aldursgreining, flýgur, juv, kvenfugl, Kyngreining, Lagopus muta, Rjúpur, Suðvesturland
======== Field photos cropped/_63I9968.JPG
Keywords                        : 2014, Age-Vor-06442, Aldursgreining, flýgur, juv, karlfugl, Kyngreining, Lagopus muta, Norðausturland, Rjúpa, Rjúpur
======== Field photos cropped/_63I0871.JPG
Keywords                        : 2014, ad, Age-Vor-06487, Aldursgreiningar, Fjallrjúpa, flýgur, karlfugl, Kyngreiningar, Lagopus muta, Norðausturland, Norðausturland 2014, Rjúpa, Rjúpur
======== Field photos cropped/_63I3338.JPG
Keywords                        : 2014, ad, Age-Vor-06201, Aldursgreiningar, Fjallrjúpa, flýgur, karlfugl, Kyngreiningar, Lagopus muta, Rjúpur, Suðvesturland
======== Field photos cropped/_63I4217.JPG
Keywords                        : 2014, Age-Vor-06235, Aldursgreiningar, Fjallrjúpa, flýgur, juv, karlfugl, Kyngreiningar, Lagopus muta, Rjúpur, Suðvesturland
======== Field photos cropped/_63I5796.JPG
Keywords                        : 2014, ad, Age-Vor-06294, Age-Vor-06295, Aldursgreiningar, Fjallrjúpa, flýgur, juv, kvenfugl, Kyngreiningar, Lagopus muta, Rjúpur, Suðvesturland
======== Field photos cropped/_63I8425.JPG
Keywords                        : 2014, ad, Age-Vor-06388, Age-Vor-06389, Aldursgreining, flýgur, karlfugl, Kyngreining, Lagopus muta, Norðausturland, Rjúpa, Rjúpur
======== Field photos cropped/_63I0515.JPG
Keywords                        : 2014, ad, Age-Vor-06467, Age-Vor-06468, Age-Vor-06469, Aldursgreiningar, Fjallrjúpa, flýgur, juv, karlfugl, kvenfugl, Kyngreiningar, Lagopus muta, Norðausturland, Norðausturland 2014, Rjúpa, Rjúpur
======== Field photos cropped/_63I0431.JPG
Keywords                        : 2014, ad, Age-Vor-06462, Aldursgreiningar, Fjallrjúpa, flýgur, kvenfugl, Kyngreiningar, Lagopus muta, Norðausturland, Norðausturland 2014, Rjúpa, Rjúpur
======== Field photos cropped/_63I0782.JPG
Keywords                        : 2014, Age-Vor-06482, Aldursgreiningar, Fjallrjúpa, flýgur, juv, karlfugl, Kyngreiningar, Lagopus muta, Norðausturland, Norðausturland 2014, Rjúpa, Rjúpur
======== Field photos cropped/_63I2311.JPG
Keywords                        : 2014, Age-Vor-06548, Aldursgreiningar, Fjallrjúpa, flýgur, juv, karlfugl, Kyngreiningar, Lagopus muta, Norðausturland, Norðausturland 2014, Rjúpa, Rjúpur
======== Field photos cropped/_63I5623.JPG
Keywords                        : 2014, ad, Age-Vor-06289, Aldursgreiningar, Fjallrjúpa, flýgur, karlfugl, Kyngreiningar, Lagopus muta, Rjúpur, Suðvesturland
======== Field photos cropped/_63I7266.JPG
Keywords                        : 2014, ad, Age-Vor-06343, Age-Vor-06344, Aldursgreiningar, Fjallrjúpa, flýgur, juv, karlfugl, Kyngreiningar, Lagopus muta, Rjúpur, Suðvesturland
======== Field photos cropped/_63I8314.JPG
Keywords                        : 2014, Age-Vor-06383, Aldursgreiningar, Fjallrjúpa, juv, kvenfugl, Kyngreiningar, Lagopus muta, Norðausturland, Norðausturland 2014, Rjúpa, Rjúpur, situr
